[15:30:06] [ServerMain/INFO]: Environment: Environment[sessionHost=https://sessionserver.mojang.com, servicesHost=https://api.minecraftservices.com, profilesHost=https://api.mojang.com, name=PROD]
[15:30:08] [ServerMain/INFO]: Loaded 1515 recipes
[15:30:08] [ServerMain/INFO]: Loaded 1617 advancements
[15:30:09] [Server thread/INFO]: Starting minecraft server version 26.1.2
[15:30:09] [Server thread/INFO]: Loading properties
[15:30:09] [Server thread/INFO]: Default game type: SURVIVAL
[15:30:09] [Server thread/INFO]: Generating keypair
[15:30:09] [Server thread/INFO]: Starting Minecraft server on *:25565
[15:30:09] [Server thread/WARN]: **** SERVER IS RUNNING IN OFFLINE/INSECURE MODE!
[15:30:09] [Server thread/WARN]: The server will make no attempt to authenticate usernames. Beware.
[15:30:09] [Server thread/WARN]: While this makes the game possible to play without internet access, it also opens up the ability for hackers to connect with any username they choose.
[15:30:09] [Server thread/WARN]: To change this, set "online-mode" to "true" in the server.properties file.
[15:30:09] [Server thread/INFO]: Preparing level "world"
[15:30:09] [Server thread/INFO]: Loading 0 persistent chunks...
[15:30:09] [Server thread/INFO]: Preparing spawn area: 100%
[15:30:09] [Server thread/INFO]: Time elapsed: 17 ms
[15:30:09] [Server thread/INFO]: Done (0.397s)! For help, type "help"
[15:30:09] [Server thread/INFO]: Saving chunks for level 'ServerLevel[world]'/minecraft:overworld
[15:30:09] [Server thread/INFO]: Saving chunks for level 'ServerLevel[world]'/minecraft:the_end
[15:30:09] [Server thread/INFO]: Saving chunks for level 'ServerLevel[world]'/minecraft:the_nether
[15:30:09] [Server thread/INFO]: ThreadedAnvilChunkStorage (world): All chunks are saved
[15:30:09] [Server thread/INFO]: ThreadedAnvilChunkStorage (DIM1): All chunks are saved
[15:30:09] [Server thread/INFO]: ThreadedAnvilChunkStorage (DIM-1): All chunks are saved
[15:30:09] [Server thread/INFO]: ThreadedAnvilChunkStorage: All dimensions are saved
[15:31:05] [Server thread/INFO]: Andrxs43[/10.147.19.210:44886] logged in with entity id 31 at (2002.6315092320986, -21.0, -49.58215792336132)
[15:31:05] [Server thread/INFO]: Andrxs43 joined the game
[15:41:51] [Server thread/INFO]: [Not Secure] <Andrxs43> ewa
[15:45:58] [Server thread/INFO]: Andrxs43 has made the advancement [Enchanter]
[15:59:39] [Server thread/INFO]: Il_Duko_lI[/10.147.19.161:64662] logged in with entity id 8710 at (1926.1632672699263, 61.9375, -154.05651793215927)
[15:59:39] [Server thread/INFO]: Il_Duko_lI joined the game
[16:01:06] [Server thread/INFO]: [Not Secure] <Il_Duko_lI> -112 ~ -432
[16:10:14] [Server thread/INFO]: Il_Duko_lI lost connection: Disconnected
[16:10:14] [Server thread/INFO]: Il_Duko_lI left the game
[16:10:16] [Server thread/INFO]: Andrxs43 has made the advancement [The Parrots and the Bats]
[16:10:51] [Server thread/INFO]: Il_Duko_lI[/10.147.19.161:51737] logged in with entity id 14240 at (1.5779610709432281, 102.0, -307.2967599789465)
[16:10:51] [Server thread/INFO]: Il_Duko_lI joined the game
[16:13:18] [Server thread/INFO]: Il_Duko_lI has made the advancement [Hot Stuff]
[16:14:02] [Server thread/INFO]: Andrxs43 lost connection: Disconnected
[16:14:02] [Server thread/INFO]: Andrxs43 left the game
[16:14:21] [Server thread/INFO]: Il_Duko_lI has made the advancement [Those Were the Days]
[16:14:24] [Server thread/INFO]: Il_Duko_lI has made the advancement [War Pigs]
[16:16:22] [Server thread/INFO]: Andrxs43[/10.147.19.210:43374] logged in with entity id 16366 at (1943.300000011921, 68.0, -115.9244286429242)
[16:16:22] [Server thread/INFO]: Andrxs43 joined the game
[16:16:53] [Server thread/INFO]: Il_Duko_lI has made the advancement [Oh Shiny]
[16:17:38] [Server thread/INFO]: Il_Duko_lI has made the advancement [Who is Cutting Onions?]
[16:26:01] [Server thread/INFO]: [Not Secure] <Il_Duko_lI> 239 -388
[16:26:26] [Server thread/INFO]: [Not Secure] <Andrxs43> 239 -3773
[16:26:52] [Server thread/INFO]: [Not Secure] <Il_Duko_lI> 242 -1
[16:34:19] [Server thread/INFO]: [Not Secure] <Il_Duko_lI> 1844 ~ -668
[16:36:15] [Server thread/INFO]: [Not Secure] <Il_Duko_lI> 1844 ~ -668
[16:38:30] [Server thread/INFO]: Il_Duko_lI has made the advancement [Eye Spy]
[16:42:02] [Server thread/INFO]: Villager Villager['Fisherman'/20743, l='ServerLevel[world]', x=1914.74, y=60.39, z=-159.26] died, message: 'Fisherman tried to swim in lava'
[16:48:34] [Server thread/INFO]: [Not Secure] <Andrxs43> PENEEEEEEEEEEEEEE
[17:13:40] [Server thread/INFO]: Andrxs43 lost connection: Disconnected
[17:13:40] [Server thread/INFO]: Andrxs43 left the game
[17:16:49] [Server thread/INFO]: Andrxs43[/10.147.19.210:50518] logged in with entity id 42808 at (1923.771726387946, 61.9375, -162.7822701461516)
[17:16:49] [Server thread/INFO]: Andrxs43 joined the game
[17:24:20] [Server thread/INFO]: Il_Duko_lI lost connection: Disconnected
[17:24:20] [Server thread/INFO]: Il_Duko_lI left the game
[17:32:26] [Server thread/INFO]: Il_Duko_lI[/10.147.19.161:49349] logged in with entity id 47390 at (1929.4856159758922, 63.875, -148.2875037893469)
[17:32:26] [Server thread/INFO]: Il_Duko_lI joined the game
[17:35:54] [Server thread/INFO]: Andrxs43 has made the advancement [Stay Hydrated!]
[17:38:56] [Server thread/INFO]: Il_Duko_lI lost connection: Timed out
[17:38:56] [Server thread/INFO]: Il_Duko_lI left the game
[17:38:56] [Server thread/WARN]: handleDisconnection() called twice
[17:39:00] [Server thread/INFO]: Il_Duko_lI[/10.147.19.161:53496] logged in with entity id 49148 at (1991.7669214699056, 68.17675927506424, -56.20343577070933)
[17:39:00] [Server thread/INFO]: Il_Duko_lI joined the game
[17:44:22] [Server thread/INFO]: Chimu723[/10.147.19.238:42076] logged in with entity id 50823 at (2020.2074382944077, 55.16723346667173, -38.166290647279844)
[17:44:22] [Server thread/INFO]: Chimu723 joined the game
[17:50:28] [Server thread/INFO]: Chimu723 has made the advancement [Eye Spy]
[17:50:29] [Server thread/INFO]: Andrxs43 has made the advancement [Eye Spy]
[17:50:39] [Server thread/INFO]: Chimu723 has made the advancement [The End?]
[17:50:41] [Server thread/INFO]: Scanning for legacy world dragon fight...
[17:50:41] [Server thread/INFO]: Found that the dragon has not yet been killed in this world.
[17:50:42] [Server thread/INFO]: Andrxs43 has made the advancement [The End?]
[17:50:43] [Server thread/INFO]: Il_Duko_lI has made the advancement [The End?]
